C251 COMPILER V5.60.0,  ole                                                                27/09/25  17:08:17  PAGE 1   


C251 COMPILER V5.60.0, COMPILATION OF MODULE ole
OBJECT MODULE PLACED IN .\Objects\ole.obj
COMPILER INVOKED BY: C:\Keil_v5\C251\BIN\C251.EXE ole.c XSMALL BROWSE INCDIR(.\sys;.\sys;.\Usr;.\Hardware) DEBUG PRINT(.
                    -\Listings\ole.lst) OBJECT(.\Objects\ole.obj) 

stmt  level    source

    1          #include "SPI.h"
    2          /*向SSD1306写入一个字节
    3           *dat:要写入的数据/命令
    4           *cmd:数据/命令标志 0,表示命令;1,表示数据;*/
    5          void OLED_WR_Byte(unsigned char dat,unsigned char cmd)
    6          {       
    7   1              unsigned char i;                          
    8   1              if(cmd)
    9   1                      SS=1;
   10   1              else 
   11   1                      OLED_DC_Clr();            
*** WARNING C140 IN LINE 11 OF ole.c: 'OLED_DC_Clr' undefined; assuming 'extern int OLED_DC_Clr()'
   12   1                      SS = 0; //拉低从机SS管脚 
   13   1                      SPDAT = dat; //发送测试数据 
   14   1                      while (!(SPSTAT & 0x80)); //查询完成标志 
   15   1                      SPSTAT = 0xc0; //清中断标志 
   16   1                      SS = 1; //拉高从机的SS管脚 
   17   1                      //LED = !LED; //测试端口
   18   1                      OLED_DC_Set();            
*** WARNING C140 IN LINE 18 OF ole.c: 'OLED_DC_Set' undefined; assuming 'extern int OLED_DC_Set()'
   19   1      } 
*** WARNING C47 IN LINE 7 OF ole.c: 'i': unreferenced local variable


Module Information          Static   Overlayable
------------------------------------------------
  code size            =        38     ------
  ecode size           =    ------     ------
  data size            =    ------     ------
  idata size           =    ------     ------
  pdata size           =    ------     ------
  xdata size           =    ------     ------
  xdata-const size     =    ------     ------
  edata size           =    ------     ------
  bit size             =    ------     ------
  ebit size            =    ------     ------
  bitaddressable size  =    ------     ------
  ebitaddressable size =    ------     ------
  far data size        =    ------     ------
  huge data size       =    ------     ------
  const size           =    ------     ------
  hconst size          =    ------     ------
End of Module Information.


C251 COMPILATION COMPLETE.  3 WARNING(S),  0 ERROR(S)
