C251 COMPILER V5.60.0,  SPI                                                                27/09/25  19:28:05  PAGE 1   


C251 COMPILER V5.60.0, COMPILATION OF MODULE SPI
OBJECT MODULE PLACED IN .\Objects\SPI.obj
COMPILER INVOKED BY: C:\Keil_v5\C251\BIN\C251.EXE sys\SPI.c XSMALL BROWSE INCDIR(.\sys;.\sys;.\Usr;.\Hardware) DEBUG PRI
                    -NT(.\Listings\SPI.lst) OBJECT(.\Objects\SPI.obj) 

stmt  level    source

    1          #include "SPI.h"
    2          
    3          /*--- 全局变量和状态标志，用于主循环与中断服务程序(ISR)通信 ---*/
    4          // volatile 关键字确保编译器不对这些变量进行优化，因为它们在中断中被修改
    5          sbit LED = P1^1; 
    6          
    7          void SPI_Init(void)                             //初始化
    8                  {
    9   1                      LED = 1; 
   10   1                      SS = 1; 
   11   1                      P_SW1 &= 0XFC;          //???? ??00             引脚选择将低两位写为0
   12   1                                                              //SS MOSI MISO SCLK  P5.4 P1.3 P1.4 P1.5 
   13   1                      
   14   1                      SPCTL = 0X50;           //模式配置 SSIG==0,MSTR==0固定为主机模式
   15   1                      SPCTL |= 0X40;      //最后再使能SPI防止数据未使能读写就已经结束
   16   1                      
   17   1                      SCLK = 0;                       //引脚初始化
   18   1                      
   19   1                      SPSTAT = 0xC0;  // 写1清除SPIF和WCOL标志位
   20   1                      ESPI = 1;       // 使能SPI中断 (STC32G中SPI中断的使能位)
   21   1                      //EA = 1;         // 开启全局中断 总中断会再主函数打开
   22   1              }
   23          //      
   24          //void SPI_Isr() interrupt 9  
   25          //{ 
   26          // busy = 0; 
   27          // SS = 1;  //拉高从机的SS管脚 
   28          // SPSTAT = 0xC0; //清中断标志
   29          // LED = !LED; //测试端口 
   30          //} 
   31          
   32          void SPI_WriteByte(unsigned char dat)           //写入一个字节
   33                  {
   34   1              SS = 0; //拉低从机SS管脚 
   35   1              SPDAT = dat; //发送测试数据 
   36   1              while (!(SPSTAT & 0x80)); //查询完成标志 
   37   1              SPSTAT = 0xc0; //清中断标志 
   38   1              SS = 1; //拉高从机的SS管脚 
   39   1              LED = !LED; //测试端口
   40   1              }
   41                  
   42          /**
   43            * @brief  通过SPI读取一个字节的数据
   44            * @param  无
   45            * @retval 读取到的字节数据
   46            * @note   此函数使用查询方式，会阻塞直到数据传输完成
   47            **/
   48          unsigned char SPI_ReadByte(void)
   49          {
   50   1         unsigned char received_data;
   51   1          
   52   1          SS = 0;              // 拉低从机SS管脚，开始传输
   53   1          SPDAT = 0xFF;        // 发送虚拟数据0xFF以产生时钟信号
   54   1          while (!(SPSTAT & 0x80)); // 等待传输完成
   55   1          received_data = SPDAT; // 读取接收到的数据
   56   1          SPSTAT = 0xC0;       // 清除SPIF和WCOL标志位
   57   1          SS = 1;              // 拉高从机的SS管脚，结束传输
   58   1          
C251 COMPILER V5.60.0,  SPI                                                                27/09/25  19:28:05  PAGE 2   

   59   1          return received_data; // 返回读取到的数据
   60   1      }
   61          


Module Information          Static   Overlayable
------------------------------------------------
  code size            =        65     ------
  ecode size           =    ------     ------
  data size            =    ------     ------
  idata size           =    ------     ------
  pdata size           =    ------     ------
  xdata size           =    ------     ------
  xdata-const size     =    ------     ------
  edata size           =    ------     ------
  bit size             =    ------     ------
  ebit size            =    ------     ------
  bitaddressable size  =    ------     ------
  ebitaddressable size =    ------     ------
  far data size        =    ------     ------
  huge data size       =    ------     ------
  const size           =    ------     ------
  hconst size          =    ------     ------
End of Module Information.


C251 COMPILATION COMPLETE.  0 WARNING(S),  0 ERROR(S)
